// Jest Snapshot v1, https://goo.gl/fbAQLP

exports[`Auth signIn should render correctly 1`] = `
<div>
  <form
    action="/api/auth/signin/email"
    class="Form"
    method="POST"
  >
    <div
      class="Text"
    >
      Login To Start Add and Save Your Favorites Recipes
    </div>
    <div
      class="inputForm"
    >
      <input
        name="csrfToken"
        type="hidden"
        value=""
      />
      <label>
         Email 
      </label>
      <input
        class="input"
        id="email"
        name="email"
        required=""
        type="email"
      />
    </div>
    <button
      class="btn"
      name="Send Link"
    >
      Send Link
    </button>
  </form>
</div>
`;

exports[`Auth verifyRequest should render correctly 1`] = `
<div>
  <div
    class="container"
  >
    <h1>
      Check your email
    </h1>
    <p>
       A sign in link has been sent to your email address.
    </p>
    <span />
  </div>
</div>
`;
